../Core/Src/main.c:69:18:Blink	16	static
../Core/Src/main.c:77:18:TurnOn	8	static
../Core/Src/main.c:82:18:TurnOff	8	static
../Core/Src/main.c:95:5:_write	32	static
../Core/Src/main.c:112:5:main	8	static
../Core/Src/main.c:157:6:SystemClock_Config	88	static
../Core/Src/main.c:198:13:MX_USART2_UART_Init	8	static
../Core/Src/main.c:246:13:MX_GPIO_Init	48	static
../Core/Src/main.c:272:6:HAL_IncTick	8	static
../Core/Src/main.c:283:10:HAL_GetTick	8	static
../Core/Src/main.c:293:6:Error_Handler	8	static,ignoring_inline_asm
